Started 🧬🧬🧬🧬🧬🧬🧬
Processing  ##fileformat=VCFv4.1--- beta= failed: not in the imputed VCF
Processing  ##build=GRCh37--- beta= failed: not in the imputed VCF
Processing rs6683603 1-8273177-T-G beta=0.139762 done
Processing rs7552167 1-24518643-A-G beta=0.19062 done
Processing rs11249215 1-25297184-G-A beta=0.131028 done
Processing rs11209006 1-67619259-T-G beta=0.10436 done
Processing rs11465804 1-67702526-T-G beta=-0.518794 done
Processing rs10789229 1-67705574-C-T beta=0.113329 done
Processing rs10789285 1-69788482-T-G beta=0.113329 done
Processing rs34517439 1-78450517-C-A beta=0.165514 done
Processing rs10888503 1-152593549-C-T beta=0.231112 done
Processing rs12118303 1-172675097-T-C beta=0.113329 done
Processing rs2477077 1-197671115-C-T beta=0.0953102 done
Processing rs41298997 1-206655331-C-T beta=0.122218 done
Processing rs62149416 2-61083506-T-C beta=-0.157004 done
Processing rs11679753 2-62552321-A-G beta=-0.131028 done
Processing rs2111485 2-163110536-A-G beta=0.34359 done
Processing rs3747517 2-163128824-T-C beta=-0.262364 done
Processing rs4685408 3-16996035-G-A beta=-0.113329 done
Processing rs7637230 3-101663555-A-G beta=-0.131028 done
Processing rs28512356 3-189615475-C-A beta=-0.0953101 done
Processing rs112768831 5-40370724-C-A beta=-0.157004 done
Processing rs39841 5-96120170-G-A beta=-0.215111 done
Processing rs7705093 5-96290647-C-T beta=0.0861777 done
Processing rs847 5-131996669-T-C beta=0.14842 done
Processing rs8177833 5-150466690-GC-G beta=0.444686 done
Processing rs112377695 5-158748012-C-T beta=-0.190621 done
Processing rs10040411 5-158812417-C-T beta=-0.139762 done
Processing rs918520 5-158826310-G-C beta=-0.198851 done
Processing rs12188300 5-158829527-A-T beta=0.231112 done
Processing rs12651787 5-158839745-T-C beta=-0.0953101 done
Processing rs62377655 5-158871681-T-A beta=-0.207014 done
Processing rs9392618 6-515393-C-T beta=-0.113329 done
Processing rs4712528 6-20678430-G-C beta=0.165514 done
Processing rs17184367 6-29555585-A-G beta=-0.139762 done
Processing rs4713250 6-29803526-G-T beta=0.357674 done
Processing rs2571390 6-29923554-T-C beta=-0.173953 done
Processing rs2253491 6-31249217-G-A beta=0.207014 done
Processing rs12189871 6-31251924-C-T beta=1.23837 done
Processing rs9468932 6-31264823-G-A beta=0.198851 done
Processing rs1239195707 6-31353651-T-TC beta=0.329304 done
Processing rs2243621 6-31431820-C-T beta=-0.113329 done
Processing rs2904784 6-31457362-A-C beta=0.173953 done
Processing rs775315321 6-31553151-AAAC-A beta=-0.207014 done
Processing rs6935999 6-32392757-G-A beta=0.482426 done
Processing rs11153277 6-111580561-C-A beta=-0.0953101 done
Processing rs9481169 6-111929862-G-T beta=0.322083 done
Processing rs582757 6-138197824-C-T beta=-0.207014 done
Processing rs1122861 6-159492044-C-T beta=0.165514 done
Processing rs2700987 7-37386237-C-A beta=0.122218 done
Processing rs11795343 9-32523737-T-C beta=-0.10436 done
Processing rs11531804 9-110792282-T-C beta=-0.139762 done
Processing rs2944542 10-64369999-C-G beta=0.076961 done
Processing rs2675662 10-75599127-A-G beta=-0.113329 done
Processing rs1250546 10-81032532-A-G beta=-0.10436 done
Processing rs76959677 10-89824771-A-G beta=0.24686 done
Processing rs61871342 10-102038641-G-A beta=-0.0953101 done
Processing rs510372 11-64115137-C-T beta=-0.113329 done
Processing rs118086960 11-65593444-A-T beta=0.113329 done
Processing rs11213262 11-109973130-C-A beta=-0.165514 done
Processing rs3802826 11-128406438-A-G beta=-0.113329 done
Processing rs11053802 12-10597207-C-T beta=0.10436 done
Processing rs3759094 12-56497903-C-T beta=0.0953102 done
Processing rs11575232 12-56744422-G-A beta=-0.34359 done
Processing rs11065979 12-112059557-C-T beta=0.076961 done
Processing rs11059675 12-122668326-G-A beta=0.0953102 done
Processing rs34394770 13-40333369-T-C beta=-0.076961 done
Processing rs9533962 13-45334194-C-T beta=-0.0861779 done
Processing rs9513593 13-99950260-G-A beta=-0.113329 done
Processing rs2145623 14-35839236-G-C beta=0.215111 done
Processing rs2057338 14-35840257-T-C beta=0.14842 done
Processing rs376195046 14-98668778-AAG-A beta=-0.113329 done
Processing rs28624578 15-31637666-T-C beta=-0.165514 done
Processing rs367569 16-11365500-C-T beta=-0.10436 done
Processing rs2199036 16-31006972-C-T beta=0.14842 done
Processing rs9282801 17-26096473-C-A beta=0.113329 done
Processing rs28998802 17-26124908-G-A beta=0.215111 done
Processing rs72823047 17-40563017-G-A beta=0.131028 done
Processing rs55823223 17-73890363-G-A beta=0.139762 done
Processing rs11653893 17-78178830-A-G beta=-0.0861779 done
Processing rs559406 18-12857002-G-T beta=-0.0953101 done
Processing rs552326 18-51791375-G-C beta=0.113329 done
Processing rs34536443 19-10463118-G-C beta=-0.631272 done
Processing rs12720356 19-10469975-A-C beta=-0.223144 done
Processing rs4804528 19-10886206-G-T beta=-0.131028 done
Processing rs492602 19-49206417-A-G beta=0.10436 done
Processing rs6067296 20-48582769-A-C beta=-0.122217 done
Processing rs11907268 20-48642702-C-T beta=0.113329 done
Processing rs8128234 21-36470865-C-T beta=0.076961 done
Processing rs2256609 22-21925017-A-G beta=0.131028 done
1316303:            Unequal number of fields between lines in /mnt/numberSix/MirandaProjectGRS2025/Data//FinalSNP_Tsoi_PsO_MHC_Alleles_2025.vcf -- 8(11) 30(1)
✅ Polygenic Risk Calculation has done 
\n ⚡ File Saved: 
